<?php return array (
  0 => 'Symfony\\Bundle\\FrameworkBundle\\Controller\\AbstractController',
  1 => 'App\\Controller\\AboutController',
  2 => 'App\\Controller\\AbstractController',
  3 => 'App\\Controller\\ActivityController',
  4 => 'App\\Controller\\CalendarController',
  5 => 'App\\Controller\\CustomerController',
  6 => 'App\\Controller\\DashboardController',
  7 => 'App\\Controller\\ExportController',
  8 => 'App\\Controller\\HomepageController',
  9 => 'App\\Controller\\InvoiceController',
  10 => 'App\\Controller\\PluginController',
  11 => 'App\\Controller\\ProfileController',
  12 => 'App\\Controller\\ProjectController',
  13 => 'App\\Controller\\SystemConfigurationController',
  14 => 'App\\Controller\\TagController',
  15 => 'App\\Controller\\TimesheetAbstractController',
  16 => 'App\\Controller\\TimesheetController',
  17 => 'App\\Controller\\TimesheetTeamController',
  18 => 'App\\Controller\\UserController',
  19 => 'App\\Entity\\Activity',
  20 => 'App\\Entity\\ActivityMeta',
  21 => 'App\\Entity\\BudgetTrait',
  22 => 'App\\Entity\\ColorTrait',
  23 => 'App\\Entity\\Configuration',
  24 => 'App\\Entity\\Customer',
  25 => 'App\\Entity\\CustomerMeta',
  26 => 'App\\Entity\\EntityWithMetaFields',
  27 => 'App\\Entity\\InvoiceDocument',
  28 => 'App\\Entity\\InvoiceTemplate',
  29 => 'App\\Entity\\MetaTableTypeInterface',
  30 => 'App\\Entity\\MetaTableTypeTrait',
  31 => 'App\\Entity\\Project',
  32 => 'App\\Entity\\ProjectMeta',
  33 => 'App\\Entity\\RatesTrait',
  34 => 'App\\Entity\\Tag',
  35 => 'App\\Entity\\Timesheet',
  36 => 'App\\Entity\\TimesheetMeta',
  37 => 'App\\Entity\\User',
  38 => 'App\\Entity\\UserPreference',
  39 => 'Doctrine\\Bundle\\DoctrineBundle\\Controller\\ProfilerController',
  40 => 'Doctrine\\ORM\\Cache\\Persister\\Entity\\AbstractEntityPersister',
  41 => 'Doctrine\\ORM\\Cache\\Persister\\Entity\\CachedEntityPersister',
  42 => 'Doctrine\\ORM\\Cache\\Persister\\Entity\\NonStrictReadWriteCachedEntityPersister',
  43 => 'Doctrine\\ORM\\Cache\\Persister\\Entity\\ReadOnlyCachedEntityPersister',
  44 => 'Doctrine\\ORM\\Cache\\Persister\\Entity\\ReadWriteCachedEntityPersister',
  45 => 'Doctrine\\ORM\\Persisters\\Entity\\AbstractEntityInheritancePersister',
  46 => 'Doctrine\\ORM\\Persisters\\Entity\\BasicEntityPersister',
  47 => 'Doctrine\\ORM\\Persisters\\Entity\\CachedPersisterContext',
  48 => 'Doctrine\\ORM\\Persisters\\Entity\\EntityPersister',
  49 => 'Doctrine\\ORM\\Persisters\\Entity\\JoinedSubclassPersister',
  50 => 'Doctrine\\ORM\\Persisters\\Entity\\SingleTablePersister',
  51 => 'FOS\\RestBundle\\Controller\\AbstractFOSRestController',
  52 => 'FOS\\RestBundle\\Controller\\Annotations\\AbstractParam',
  53 => 'FOS\\RestBundle\\Controller\\Annotations\\AbstractScalarParam',
  54 => 'FOS\\RestBundle\\Controller\\Annotations\\Copy',
  55 => 'FOS\\RestBundle\\Controller\\Annotations\\Delete',
  56 => 'FOS\\RestBundle\\Controller\\Annotations\\FileParam',
  57 => 'FOS\\RestBundle\\Controller\\Annotations\\Get',
  58 => 'FOS\\RestBundle\\Controller\\Annotations\\Head',
  59 => 'FOS\\RestBundle\\Controller\\Annotations\\Link',
  60 => 'FOS\\RestBundle\\Controller\\Annotations\\Lock',
  61 => 'FOS\\RestBundle\\Controller\\Annotations\\Mkcol',
  62 => 'FOS\\RestBundle\\Controller\\Annotations\\Move',
  63 => 'FOS\\RestBundle\\Controller\\Annotations\\NamePrefix',
  64 => 'FOS\\RestBundle\\Controller\\Annotations\\NoRoute',
  65 => 'FOS\\RestBundle\\Controller\\Annotations\\Options',
  66 => 'FOS\\RestBundle\\Controller\\Annotations\\ParamInterface',
  67 => 'FOS\\RestBundle\\Controller\\Annotations\\Patch',
  68 => 'FOS\\RestBundle\\Controller\\Annotations\\Post',
  69 => 'FOS\\RestBundle\\Controller\\Annotations\\Prefix',
  70 => 'FOS\\RestBundle\\Controller\\Annotations\\PropFind',
  71 => 'FOS\\RestBundle\\Controller\\Annotations\\PropPatch',
  72 => 'FOS\\RestBundle\\Controller\\Annotations\\Put',
  73 => 'FOS\\RestBundle\\Controller\\Annotations\\QueryParam',
  74 => 'FOS\\RestBundle\\Controller\\Annotations\\RequestParam',
  75 => 'FOS\\RestBundle\\Controller\\Annotations\\Route',
  76 => 'FOS\\RestBundle\\Controller\\Annotations\\RouteResource',
  77 => 'FOS\\RestBundle\\Controller\\Annotations\\Unlink',
  78 => 'FOS\\RestBundle\\Controller\\Annotations\\Unlock',
  79 => 'FOS\\RestBundle\\Controller\\Annotations\\Version',
  80 => 'FOS\\RestBundle\\Controller\\Annotations\\View',
  81 => 'FOS\\RestBundle\\Controller\\ControllerTrait',
  82 => 'FOS\\RestBundle\\Controller\\ExceptionController',
  83 => 'FOS\\RestBundle\\Controller\\FOSRestController',
  84 => 'FOS\\RestBundle\\Controller\\TemplatingExceptionController',
  85 => 'FOS\\RestBundle\\Controller\\TwigExceptionController',
  86 => 'FOS\\UserBundle\\Controller\\ChangePasswordController',
  87 => 'FOS\\UserBundle\\Controller\\GroupController',
  88 => 'FOS\\UserBundle\\Controller\\ProfileController',
  89 => 'FOS\\UserBundle\\Controller\\RegistrationController',
  90 => 'FOS\\UserBundle\\Controller\\ResettingController',
  91 => 'FOS\\UserBundle\\Controller\\SecurityController',
  92 => 'Gedmo\\Loggable\\Entity\\LogEntry',
  93 => 'Gedmo\\Loggable\\Entity\\MappedSuperclass\\AbstractLogEntry',
  94 => 'Gedmo\\Loggable\\Entity\\Repository\\LogEntryRepository',
  95 => 'Gedmo\\Sortable\\Entity\\Repository\\SortableRepository',
  96 => 'Gedmo\\Translatable\\Entity\\MappedSuperclass\\AbstractPersonalTranslation',
  97 => 'Gedmo\\Translatable\\Entity\\MappedSuperclass\\AbstractTranslation',
  98 => 'Gedmo\\Translatable\\Entity\\Repository\\TranslationRepository',
  99 => 'Gedmo\\Translatable\\Entity\\Translation',
  100 => 'Gedmo\\Translator\\Entity\\Translation',
  101 => 'Gedmo\\Tree\\Entity\\MappedSuperclass\\AbstractClosure',
  102 => 'Gedmo\\Tree\\Entity\\Repository\\AbstractTreeRepository',
  103 => 'Gedmo\\Tree\\Entity\\Repository\\ClosureTreeRepository',
  104 => 'Gedmo\\Tree\\Entity\\Repository\\MaterializedPathRepository',
  105 => 'Gedmo\\Tree\\Entity\\Repository\\NestedTreeRepository',
  106 => 'KevinPapst\\AdminLTEBundle\\Controller\\BreadcrumbController',
  107 => 'KevinPapst\\AdminLTEBundle\\Controller\\EmitterController',
  108 => 'KevinPapst\\AdminLTEBundle\\Controller\\NavbarController',
  109 => 'KevinPapst\\AdminLTEBundle\\Controller\\SidebarController',
  110 => 'Nelmio\\ApiDocBundle\\Controller\\DocumentationController',
  111 => 'Nelmio\\ApiDocBundle\\Controller\\SwaggerUiController',
  113 => 'Symfony\\Bundle\\FrameworkBundle\\Controller\\Controller',
  114 => 'Symfony\\Bundle\\FrameworkBundle\\Controller\\ControllerNameParser',
  115 => 'Symfony\\Bundle\\FrameworkBundle\\Controller\\ControllerResolver',
  116 => 'Symfony\\Bundle\\FrameworkBundle\\Controller\\ControllerTrait',
  117 => 'Symfony\\Bundle\\FrameworkBundle\\Controller\\RedirectController',
  118 => 'Symfony\\Bundle\\FrameworkBundle\\Controller\\TemplateController',
  119 => 'Symfony\\Bundle\\TwigBundle\\Controller\\ExceptionController',
  120 => 'Symfony\\Bundle\\TwigBundle\\Controller\\PreviewErrorController',
  121 => 'Symfony\\Bundle\\WebProfilerBundle\\Controller\\ExceptionController',
  122 => 'Symfony\\Bundle\\WebProfilerBundle\\Controller\\ProfilerController',
  123 => 'Symfony\\Bundle\\WebProfilerBundle\\Controller\\RouterController',
  124 => 'Symfony\\Component\\HttpKernel\\Controller\\ArgumentResolver',
  125 => 'Symfony\\Component\\HttpKernel\\Controller\\ArgumentResolverInterface',
  126 => 'Symfony\\Component\\HttpKernel\\Controller\\ArgumentResolver\\DefaultValueResolver',
  127 => 'Symfony\\Component\\HttpKernel\\Controller\\ArgumentResolver\\RequestAttributeValueResolver',
  128 => 'Symfony\\Component\\HttpKernel\\Controller\\ArgumentResolver\\RequestValueResolver',
  129 => 'Symfony\\Component\\HttpKernel\\Controller\\ArgumentResolver\\ServiceValueResolver',
  130 => 'Symfony\\Component\\HttpKernel\\Controller\\ArgumentResolver\\SessionValueResolver',
  131 => 'Symfony\\Component\\HttpKernel\\Controller\\ArgumentResolver\\TraceableValueResolver',
  132 => 'Symfony\\Component\\HttpKernel\\Controller\\ArgumentResolver\\VariadicValueResolver',
  133 => 'Symfony\\Component\\HttpKernel\\Controller\\ArgumentValueResolverInterface',
  134 => 'Symfony\\Component\\HttpKernel\\Controller\\ContainerControllerResolver',
  135 => 'Symfony\\Component\\HttpKernel\\Controller\\ControllerReference',
  136 => 'Symfony\\Component\\HttpKernel\\Controller\\ControllerResolver',
  137 => 'Symfony\\Component\\HttpKernel\\Controller\\ControllerResolverInterface',
  138 => 'Symfony\\Component\\HttpKernel\\Controller\\TraceableArgumentResolver',
  139 => 'Symfony\\Component\\HttpKernel\\Controller\\TraceableControllerResolver',
  140 => 'Symfony\\Component\\Security\\Http\\Controller\\UserValueResolver',
);